// Jest Snapshot v1, https://goo.gl/fbAQLP

exports[`UpdateTodoModal Should be in document and should match snapshot 1`] = `[Function]`;
